Name                                                         Stmts   Miss  Cover
--------------------------------------------------------------------------------
conf\__init__.py                                                 0      0   100%
conf\asgi.py                                                     4      4     0%
conf\settings.py                                                26      0   100%
conf\urls.py                                                     7      0   100%
conf\wsgi.py                                                     4      4     0%
lms\__init__.py                                                  0      0   100%
lms\admin.py                                                    18      0   100%
lms\apps.py                                                      4      0   100%
lms\migrations\0001_initial.py                                   6      0   100%
lms\migrations\0002_initial.py                                   7      0   100%
lms\migrations\0003_payment.py                                   6      0   100%
lms\migrations\0004_alter_payment_options.py                     4      0   100%
lms\migrations\0005_alter_lesson_course.py                       5      0   100%
lms\migrations\0006_subscription.py                              6      0   100%
lms\migrations\0007_alter_subscription_user.py                   6      0   100%
lms\migrations\0008_alter_subscription_options_and_more.py       5      0   100%
lms\migrations\__init__.py                                       0      0   100%
lms\models.py                                                   50      4    92%
lms\paginators.py                                                5      0   100%
lms\permissions.py                                              26      4    85%
lms\serializers\__init__.py                                      0      0   100%
lms\serializers\course.py                                       19      3    84%
lms\serializers\lesson.py                                        8      0   100%
lms\serializers\payment.py                                       6      0   100%
lms\serializers\subscription.py                                  7      0   100%
lms\tests.py                                                    51      0   100%
lms\urls.py                                                     12      0   100%
lms\validators.py                                                7      1    86%
lms\views\__init__.py                                            0      0   100%
lms\views\course.py                                             22      6    73%
lms\views\lesson.py                                             37      1    97%
lms\views\payment.py                                            12      0   100%
lms\views\subscription.py                                       24      0   100%
manage.py                                                       12      2    83%
users\__init__.py                                                0      0   100%
users\admin.py                                                   6      0   100%
users\apps.py                                                    4      0   100%
users\migrations\0001_initial.py                                 7      0   100%
users\migrations\0002_user_role.py                               4      0   100%
users\migrations\0003_alter_user_role.py                         4      0   100%
users\migrations\__init__.py                                     0      0   100%
users\models.py                                                 18      0   100%
users\permissions.py                                             7      3    57%
users\serializers.py                                            27      0   100%
users\tests.py                                                   1      0   100%
users\urls.py                                                   10      0   100%
users\views.py                                                  18      3    83%
--------------------------------------------------------------------------------
TOTAL                                                          512     35    93%
